enable_tf32: 0
Using kernel 6
Checking block size 32.
-0.529510 -0.529510
0.889394 0.889394
0.881674 0.881674
0.651789 0.651789
-0.483486 -0.483486
Checking block size 64.
-0.529510 -0.529510
0.889394 0.889394
0.881674 0.881674
0.651789 0.651789
-0.483486 -0.483486
Checking block size 128.
-0.529510 -0.529510
0.889394 0.889394
0.881674 0.881674
0.651789 0.651789
-0.483486 -0.483486
Checking block size 256.
-0.529510 -0.529510
0.889394 0.889394
0.881674 0.881674
0.651789 0.651789
-0.483486 -0.483486
Checking block size 512.
-0.529510 -0.529510
0.889394 0.889394
0.881674 0.881674
0.651789 0.651789
-0.483486 -0.483486
All results match. Starting benchmarks.

block_size   32 | time 0.827477 ms
block_size   64 | time 0.822782 ms
block_size  128 | time 0.824743 ms
block_size  256 | time 0.824463 ms
block_size  512 | time 0.824591 ms
[36m[06:48:16][0m run:attention_hip:k6 — 3s (rc=0)
