enable_tf32: 0
Using kernel 3
Checking block size 32.
-0.529510 -0.529510
0.889394 0.889394
0.881674 0.881674
0.651789 0.651789
-0.483486 -0.483486
1.000000 1.000000
0.000000 0.000000
0.000000 0.000000
0.000000 0.000000
0.000000 0.000000
0.027338 0.027338
-inf -inf
-inf -inf
-inf -inf
-inf -inf
Checking block size 64.
-0.529510 -0.529510
0.889394 0.889394
0.881674 0.881674
0.651789 0.651789
-0.483486 -0.483486
1.000000 1.000000
0.000000 0.000000
0.000000 0.000000
0.000000 0.000000
0.000000 0.000000
0.027338 0.027338
-inf -inf
-inf -inf
-inf -inf
-inf -inf
Checking block size 128.
-0.529510 -0.529510
0.889394 0.889394
0.881674 0.881674
0.651789 0.651789
-0.483486 -0.483486
1.000000 1.000000
0.000000 0.000000
0.000000 0.000000
0.000000 0.000000
0.000000 0.000000
0.027338 0.027338
-inf -inf
-inf -inf
-inf -inf
-inf -inf
Checking block size 256.
-0.529510 -0.529510
0.889394 0.889394
0.881674 0.881674
0.651789 0.651789
-0.483486 -0.483486
1.000000 1.000000
0.000000 0.000000
0.000000 0.000000
0.000000 0.000000
0.000000 0.000000
0.027338 0.027338
-inf -inf
-inf -inf
-inf -inf
-inf -inf
Checking block size 512.
-0.529510 -0.529510
0.889394 0.889394
0.881674 0.881674
0.651789 0.651789
-0.483486 -0.483486
1.000000 1.000000
0.000000 0.000000
0.000000 0.000000
0.000000 0.000000
0.000000 0.000000
0.027338 0.027338
-inf -inf
-inf -inf
-inf -inf
-inf -inf
All results match. Starting benchmarks.

block_size   32 | time 2.873586 ms
block_size   64 | time 2.008784 ms
block_size  128 | time 1.661780 ms
block_size  256 | time 1.518355 ms
block_size  512 | time 1.530122 ms
[36m[06:48:06][0m run:attention_hip:k3 — 6s (rc=0)
