enable_tf32: 0
Using kernel 2
Checking block size 32.
-0.529510 -0.529510
0.889394 0.889394
0.881674 0.881674
0.651789 0.651789
-0.483486 -0.483486
Checking block size 64.
-0.529510 -0.529510
0.889394 0.889394
0.881674 0.881674
0.651789 0.651789
-0.483486 -0.483486
Checking block size 128.
-0.529510 -0.529510
0.889394 0.889394
0.881674 0.881674
0.651789 0.651789
-0.483486 -0.483486
Checking block size 256.
-0.529510 -0.529510
0.889394 0.889394
0.881674 0.881674
0.651789 0.651789
-0.483486 -0.483486
Checking block size 512.
-0.529510 -0.529510
0.889394 0.889394
0.881674 0.881674
0.651789 0.651789
-0.483486 -0.483486
All results match. Starting benchmarks.

block_size   32 | time 256.964935 ms
block_size   64 | time 256.798370 ms
block_size  128 | time 256.733795 ms
block_size  256 | time 256.746704 ms
block_size  512 | time 256.721283 ms
[36m[06:48:00][0m run:attention_hip:k2 — 132s (rc=0)
