Using kernel 8
Largest output is: 0.999878
Skipping block size 32 for kernel 8 (needs >= wavefront size).
Checking block size 64.
0.000001 0.000001
0.000001 0.000001
0.000001 0.000001
0.000001 0.000001
0.000002 0.000002
Checking block size 128.
0.000001 0.000001
0.000001 0.000001
0.000001 0.000001
0.000001 0.000001
0.000002 0.000002
Checking block size 256.
0.000001 0.000001
0.000001 0.000001
0.000001 0.000001
0.000001 0.000001
0.000002 0.000002
Checking block size 512.
0.000001 0.000001
0.000001 0.000001
0.000001 0.000001
0.000001 0.000001
0.000002 0.000002
Checking block size 1024.
0.000001 0.000001
0.000001 0.000001
0.000001 0.000001
0.000001 0.000001
0.000002 0.000002
All results match. Starting benchmarks.

Skipping block size 32 for kernel 8 (needs >= wavefront size).
block_size   64 | time 1.5964 ms | per token 0.19 µs
block_size  128 | time 1.5922 ms | per token 0.19 µs
block_size  256 | time 1.5723 ms | per token 0.19 µs
block_size  512 | time 1.5954 ms | per token 0.19 µs
block_size 1024 | time 1.5971 ms | per token 0.19 µs
[36m[06:45:00][0m run:softmax_hip:k8 — 13s (rc=0)
