Using kernel 6
Largest output is: 0.999878
Checking block size 32.
0.000001 0.000001
0.000001 0.000001
0.000001 0.000001
0.000001 0.000001
0.000002 0.000002
Checking block size 64.
0.000001 0.000001
0.000001 0.000001
0.000001 0.000001
0.000001 0.000001
0.000002 0.000002
Checking block size 128.
0.000001 0.000001
0.000001 0.000001
0.000001 0.000001
0.000001 0.000001
0.000002 0.000002
Checking block size 256.
0.000001 0.000001
0.000001 0.000001
0.000001 0.000001
0.000001 0.000001
0.000002 0.000002
Checking block size 512.
0.000001 0.000001
0.000001 0.000001
0.000001 0.000001
0.000001 0.000001
0.000002 0.000002
Checking block size 1024.
0.000001 0.000001
0.000001 0.000001
0.000001 0.000001
0.000001 0.000001
0.000002 0.000002
All results match. Starting benchmarks.

block_size   32 | time 2.6240 ms | per token 0.32 µs
block_size   64 | time 2.5453 ms | per token 0.31 µs
block_size  128 | time 2.5425 ms | per token 0.31 µs
block_size  256 | time 2.5422 ms | per token 0.31 µs
block_size  512 | time 2.5527 ms | per token 0.31 µs
block_size 1024 | time 2.5408 ms | per token 0.31 µs
[36m[06:44:32][0m run:softmax_hip:k6 — 15s (rc=0)
