Using kernel 3
Largest output is: 0.999878
Checking block size 32.
0.000001 0.000001
0.000001 0.000001
0.000001 0.000001
0.000001 0.000001
0.000002 0.000002
Checking block size 64.
0.000001 0.000001
0.000001 0.000001
0.000001 0.000001
0.000001 0.000001
0.000002 0.000002
Checking block size 128.
0.000001 0.000001
0.000001 0.000001
0.000001 0.000001
0.000001 0.000001
0.000002 0.000002
Checking block size 256.
0.000001 0.000001
0.000001 0.000001
0.000001 0.000001
0.000001 0.000001
0.000002 0.000002
Checking block size 512.
0.000001 0.000001
0.000001 0.000001
0.000001 0.000001
0.000001 0.000001
0.000002 0.000002
Checking block size 1024.
0.000001 0.000001
0.000001 0.000001
0.000001 0.000001
0.000001 0.000001
0.000002 0.000002
All results match. Starting benchmarks.

block_size   32 | time 4.1015 ms | per token 0.50 µs
block_size   64 | time 4.1038 ms | per token 0.50 µs
block_size  128 | time 4.1077 ms | per token 0.50 µs
block_size  256 | time 4.1085 ms | per token 0.50 µs
block_size  512 | time 4.1110 ms | per token 0.50 µs
block_size 1024 | time 4.1124 ms | per token 0.50 µs
[36m[06:41:38][0m run:softmax_hip:k3 — 15s (rc=0)
