enable_tf32: 0
Using kernel 2
Checking block size 32.
-0.529510 -0.529510
0.889394 0.889394
0.881674 0.881674
0.651789 0.651789
-0.483486 -0.483486
Checking block size 64.
-0.529510 -0.529510
0.889394 0.889394
0.881674 0.881674
0.651789 0.651789
-0.483486 -0.483486
Checking block size 128.
-0.529510 -0.529510
0.889394 0.889394
0.881674 0.881674
0.651789 0.651789
-0.483486 -0.483486
Checking block size 256.
-0.529510 -0.529510
0.889394 0.889394
0.881674 0.881674
0.651789 0.651789
-0.483486 -0.483486
Checking block size 512.
-0.529510 -0.529510
0.889394 0.889394
0.881674 0.881674
0.651789 0.651789
-0.483486 -0.483486
All results match. Starting benchmarks.

block_size   32 | time 480.512451 ms
block_size   64 | time 480.529663 ms
block_size  128 | time 480.209229 ms
block_size  256 | time 480.078552 ms
block_size  512 | time 480.015930 ms
[36m[09:57:43][0m run:attention_fp32:k2 — 246s (rc=0)
