enable_tf32: 0
Using kernel 6
Checking block size 32.
-0.529510 -0.529510
0.889394 0.889394
0.881674 0.881674
0.651789 0.651789
-0.483486 -0.483486
Checking block size 64.
-0.529510 -0.529510
0.889394 0.889394
0.881674 0.881674
0.651789 0.651789
-0.483486 -0.483486
Checking block size 128.
-0.529510 -0.529510
0.889394 0.889394
0.881674 0.881674
0.651789 0.651789
-0.483486 -0.483486
Checking block size 256.
-0.529510 -0.529510
0.889394 0.889394
0.881674 0.881674
0.651789 0.651789
-0.483486 -0.483486
Checking block size 512.
-0.529510 -0.529510
0.889394 0.889394
0.881674 0.881674
0.651789 0.651789
-0.483486 -0.483486
All results match. Starting benchmarks.

block_size   32 | time 4.210501 ms
block_size   64 | time 4.307921 ms
block_size  128 | time 4.299929 ms
block_size  256 | time 4.282042 ms
block_size  512 | time 4.305506 ms
[36m[09:58:01][0m run:attention_fp32:k6 — 4s (rc=0)
