Using kernel 5
Largest output is: 0.999877
Checking block size 32.
0.000000 0.000000
0.000000 0.000000
0.000000 0.000000
0.000000 0.000000
0.000000 0.000000
Checking block size 64.
0.000000 0.000000
0.000000 0.000000
0.000000 0.000000
0.000000 0.000000
0.000000 0.000000
Checking block size 128.
0.000000 0.000000
0.000000 0.000000
0.000000 0.000000
0.000000 0.000000
0.000000 0.000000
Checking block size 256.
0.000000 0.000000
0.000000 0.000000
0.000000 0.000000
0.000000 0.000000
0.000000 0.000000
Checking block size 512.
0.000000 0.000000
0.000000 0.000000
0.000000 0.000000
0.000000 0.000000
0.000000 0.000000
Checking block size 1024.
0.000000 0.000000
0.000000 0.000000
0.000000 0.000000
0.000000 0.000000
0.000000 0.000000
All results match. Starting benchmarks.

block_size   32 | time 133.4539 ms | per token 65.16 µs
block_size   64 | time 139.0192 ms | per token 67.88 µs
block_size  128 | time 150.8426 ms | per token 73.65 µs
block_size  256 | time 125.9372 ms | per token 61.49 µs
block_size  512 | time 185.1120 ms | per token 90.39 µs
block_size 1024 | time 367.5666 ms | per token 179.48 µs
[36m[09:48:01][0m run:softmax:k5 — 118s (rc=0)
