Using kernel 4
Largest output is: 0.999877
Checking block size 32.
0.000000 0.000000
0.000000 0.000000
0.000000 0.000000
0.000000 0.000000
0.000000 0.000000
Checking block size 64.
0.000000 0.000000
0.000000 0.000000
0.000000 0.000000
0.000000 0.000000
0.000000 0.000000
Checking block size 128.
0.000000 0.000000
0.000000 0.000000
0.000000 0.000000
0.000000 0.000000
0.000000 0.000000
Checking block size 256.
0.000000 0.000000
0.000000 0.000000
0.000000 0.000000
0.000000 0.000000
0.000000 0.000000
Checking block size 512.
0.000000 0.000000
0.000000 0.000000
0.000000 0.000000
0.000000 0.000000
0.000000 0.000000
Checking block size 1024.
0.000000 0.000000
0.000000 0.000000
0.000000 0.000000
0.000000 0.000000
0.000000 0.000000
All results match. Starting benchmarks.

block_size   32 | time 20.9822 ms | per token 10.25 µs
block_size   64 | time 20.7673 ms | per token 10.14 µs
block_size  128 | time 20.2759 ms | per token 9.90 µs
block_size  256 | time 19.5831 ms | per token 9.56 µs
block_size  512 | time 18.6451 ms | per token 9.10 µs
block_size 1024 | time 17.8370 ms | per token 8.71 µs
[36m[09:46:03][0m run:softmax:k4 — 18s (rc=0)
