Using kernel 7
Largest output is: 0.999877
Checking block size 32.
0.000000 0.000000
0.000000 0.000000
0.000000 0.000000
0.000000 0.000000
0.000000 0.000000
Checking block size 64.
0.000000 0.000000
0.000000 0.000000
0.000000 0.000000
0.000000 0.000000
0.000000 0.000000
Checking block size 128.
0.000000 0.000000
0.000000 0.000000
0.000000 0.000000
0.000000 0.000000
0.000000 0.000000
Checking block size 256.
0.000000 0.000000
0.000000 0.000000
0.000000 0.000000
0.000000 0.000000
0.000000 0.000000
Checking block size 512.
0.000000 0.000000
0.000000 0.000000
0.000000 0.000000
0.000000 0.000000
0.000000 0.000000
Checking block size 1024.
0.000000 0.000000
0.000000 0.000000
0.000000 0.000000
0.000000 0.000000
0.000000 0.000000
All results match. Starting benchmarks.

block_size   32 | time 16.1785 ms | per token 7.90 µs
block_size   64 | time 17.9650 ms | per token 8.77 µs
block_size  128 | time 17.8805 ms | per token 8.73 µs
block_size  256 | time 17.1852 ms | per token 8.39 µs
block_size  512 | time 15.6997 ms | per token 7.67 µs
block_size 1024 | time 14.7640 ms | per token 7.21 µs
[36m[09:48:30][0m run:softmax:k7 — 15s (rc=0)
