Using kernel 6
Largest output is: 0.999877
Checking block size 32.
0.000000 0.000000
0.000000 0.000000
0.000000 0.000000
0.000000 0.000000
0.000000 0.000000
Checking block size 64.
0.000000 0.000000
0.000000 0.000000
0.000000 0.000000
0.000000 0.000000
0.000000 0.000000
Checking block size 128.
0.000000 0.000000
0.000000 0.000000
0.000000 0.000000
0.000000 0.000000
0.000000 0.000000
Checking block size 256.
0.000000 0.000000
0.000000 0.000000
0.000000 0.000000
0.000000 0.000000
0.000000 0.000000
Checking block size 512.
0.000000 0.000000
0.000000 0.000000
0.000000 0.000000
0.000000 0.000000
0.000000 0.000000
Checking block size 1024.
0.000000 0.000000
0.000000 0.000000
0.000000 0.000000
0.000000 0.000000
0.000000 0.000000
All results match. Starting benchmarks.

block_size   32 | time 9.9423 ms | per token 4.85 µs
block_size   64 | time 10.1121 ms | per token 4.94 µs
block_size  128 | time 10.0821 ms | per token 4.92 µs
block_size  256 | time 10.0816 ms | per token 4.92 µs
block_size  512 | time 10.0871 ms | per token 4.93 µs
block_size 1024 | time 10.0778 ms | per token 4.92 µs
[36m[09:48:15][0m run:softmax:k6 — 14s (rc=0)
