Using kernel 8
Largest output is: 0.999877
Checking block size 32.
0.000000 0.000000
0.000000 0.000000
0.000000 0.000000
0.000000 0.000000
0.000000 0.000000
Checking block size 64.
0.000000 0.000000
0.000000 0.000000
0.000000 0.000000
0.000000 0.000000
0.000000 0.000000
Checking block size 128.
0.000000 0.000000
0.000000 0.000000
0.000000 0.000000
0.000000 0.000000
0.000000 0.000000
Checking block size 256.
0.000000 0.000000
0.000000 0.000000
0.000000 0.000000
0.000000 0.000000
0.000000 0.000000
Checking block size 512.
0.000000 0.000000
0.000000 0.000000
0.000000 0.000000
0.000000 0.000000
0.000000 0.000000
Checking block size 1024.
0.000000 0.000000
0.000000 0.000000
0.000000 0.000000
0.000000 0.000000
0.000000 0.000000
All results match. Starting benchmarks.

block_size   32 | time 9.8594 ms | per token 4.81 µs
block_size   64 | time 10.0922 ms | per token 4.93 µs
block_size  128 | time 10.0903 ms | per token 4.93 µs
block_size  256 | time 10.0593 ms | per token 4.91 µs
block_size  512 | time 10.0630 ms | per token 4.91 µs
block_size 1024 | time 10.0429 ms | per token 4.90 µs
[36m[09:48:44][0m run:softmax:k8 — 14s (rc=0)
