Using kernel 3
Largest output is: 0.999877
Checking block size 32.
0.000000 0.000000
0.000000 0.000000
0.000000 0.000000
0.000000 0.000000
0.000000 0.000000
Checking block size 64.
0.000000 0.000000
0.000000 0.000000
0.000000 0.000000
0.000000 0.000000
0.000000 0.000000
Checking block size 128.
0.000000 0.000000
0.000000 0.000000
0.000000 0.000000
0.000000 0.000000
0.000000 0.000000
Checking block size 256.
0.000000 0.000000
0.000000 0.000000
0.000000 0.000000
0.000000 0.000000
0.000000 0.000000
Checking block size 512.
0.000000 0.000000
0.000000 0.000000
0.000000 0.000000
0.000000 0.000000
0.000000 0.000000
Checking block size 1024.
0.000000 0.000000
0.000000 0.000000
0.000000 0.000000
0.000000 0.000000
0.000000 0.000000
All results match. Starting benchmarks.

block_size   32 | time 20.9670 ms | per token 10.24 µs
block_size   64 | time 20.9800 ms | per token 10.24 µs
block_size  128 | time 20.9673 ms | per token 10.24 µs
block_size  256 | time 20.9714 ms | per token 10.24 µs
block_size  512 | time 20.9604 ms | per token 10.23 µs
block_size 1024 | time 20.9810 ms | per token 10.24 µs
[36m[09:45:45][0m run:softmax:k3 — 21s (rc=0)
