Using kernel 2
Largest output is: 0.999877
Checking block size 32.
0.000000 0.000000
0.000000 0.000000
0.000000 0.000000
0.000000 0.000000
0.000000 0.000000
Checking block size 64.
0.000000 0.000000
0.000000 0.000000
0.000000 0.000000
0.000000 0.000000
0.000000 0.000000
Checking block size 128.
0.000000 0.000000
0.000000 0.000000
0.000000 0.000000
0.000000 0.000000
0.000000 0.000000
Checking block size 256.
0.000000 0.000000
0.000000 0.000000
0.000000 0.000000
0.000000 0.000000
0.000000 0.000000
Checking block size 512.
0.000000 0.000000
0.000000 0.000000
0.000000 0.000000
0.000000 0.000000
0.000000 0.000000
Checking block size 1024.
0.000000 0.000000
0.000000 0.000000
0.000000 0.000000
0.000000 0.000000
0.000000 0.000000
All results match. Starting benchmarks.

block_size   32 | time 19.5258 ms | per token 9.53 µs
block_size   64 | time 21.7329 ms | per token 10.61 µs
block_size  128 | time 20.6444 ms | per token 10.08 µs
block_size  256 | time 20.2418 ms | per token 9.88 µs
block_size  512 | time 18.9823 ms | per token 9.27 µs
block_size 1024 | time 17.9553 ms | per token 8.77 µs
[36m[09:45:24][0m run:softmax:k2 — 18s (rc=0)
